----------------------------------------
 _ _ _ ___ ___ ___| |_ _ _ 
| | | | . |_ -| -_| '_| | |
|_____|  _|___|___|_,_|___|
      |_|             v0.4.0

WPSeku - Wordpress Security Scanner
by Momo Outaadi (m4ll0k)
----------------------------------------

[1;32m[ + ][0m [0;32mTarget: https://yameveo.ai:443[0m
[1;32m[ + ][0m [0;32mStarting: 15:22:18[0m
[1;37m[0m
[1;32m[ + ][0m [0;32mServer: cloudflare[0m
[1;32m[ + ][0m [0;32mUncommon header "Nel" found, with contents: {"report_to":"cf-nel","success_fraction":0.0,"max_age":604800}[0m
[1;32m[ + ][0m [0;32mUncommon header "Referrer-Policy" found, with contents: strict-origin-when-cross-origin[0m
[1;32m[ + ][0m [0;32mUncommon header "Report-To" found, with contents: {"group":"cf-nel","max_age":604800,"endpoints":[{"url":"https://a.nel.cloudflare.com/report/v4?s=u%2BQ%2FD4JcoBY7cQI0qQI%2BQN0Mx%2FzzzdkAijWughMZc%2ByycfwzHymT%2FDNfoO%2BYJ7i0L5GiWHw%2Br6qs4cOfBnna1XIzbk2zPakvWaG9Qw%2BF4q%2FJMNJILac%3D"}]}[0m
[1;32m[ + ][0m [0;32mUncommon header "cf-cache-status" found, with contents: DYNAMIC[0m
[1;32m[ + ][0m [0;32mUncommon header "vary" found, with contents: accept-encoding[0m
[1;32m[ + ][0m [0;32mUncommon header "CF-RAY" found, with contents: 9d718848a969815a-FRA[0m
[1;32m[ + ][0m [0;32mUncommon header "alt-svc" found, with contents: h3=":443"; ma=86400[0m
[1;32m[ + ][0m [0;32mrobots.txt file was found at: https://yameveo.ai:443/robots.txt[0m
[1;32m[ + ][0m [0;32mreadme.html file was found at: https://yameveo.ai:443/readme.html[0m
[1;32m[ + ][0m [0;32mRobots was found at: https://yameveo.ai:443/robots.txt[0m
----------------------------------------
# As a condition of accessing this website, you agree to abide by the following
# content signals:

# (a)  If a Content-Signal = yes, you may collect content for the corresponding
#      use.
# (b)  If a Content-Signal = no, you may not collect content for the
#      corresponding use.
# (c)  If the website operator does not include a Content-Signal for a
#      corresponding use, the website operator neither grants nor restricts
#      permission via Content-Signal with respect to the corresponding use.

# The content signals and their meanings are:

# search:   building a search index and providing search results (e.g., returning
#           hyperlinks and short excerpts from your website's contents). Search does not
#           include providing AI-generated search summaries.
# ai-input: inputting content into one or more AI models (e.g., retrieval
#           augmented generation, grounding, or other real-time taking of content for
#           generative AI search answers).
# ai-train: training or fine-tuning AI models.

# ANY RESTRICTIONS EXPRESSED VIA CONTENT SIGNALS ARE EXPRESS RESERVATIONS OF
# RIGHTS UNDER ARTICLE 4 OF THE EUROPEAN UNION DIRECTIVE 2019/790 ON COPYRIGHT
# AND RELATED RIGHTS IN THE DIGITAL SINGLE MARKET.

# BEGIN Cloudflare Managed content

User-agent: *
Content-Signal: search=yes,ai-train=no
Allow: /

User-agent: Amazonbot
Disallow: /

User-agent: Applebot-Extended
Disallow: /

User-agent: Bytespider
Disallow: /

User-agent: CCBot
Disallow: /

User-agent: ClaudeBot
Disallow: /

User-agent: Google-Extended
Disallow: /

User-agent: GPTBot
Disallow: /

User-agent: meta-externalagent
Disallow: /

# END Cloudflare Managed Content

User-agent: *
Allow: /

Sitemap: https://yameveo.ai/sitemap.xml

----------------------------------------
[1;32m[ + ][0m [0;32mRunning WordPress version: 6.9.1[0m
[1;31m[ ! ][0m [0;31mFailed to establish a new connection[0m
