[H[2J[3J[H[2J[3JTrue
[1m[36m[i] [0mUpdating CMSeeK result index...
[1m[32m[*] [0mReport index updated successfully!
[1m[32m
[36m [97m___ _  _ [36m__[97m__ ____ [36m____[97m _  [36m_[97m
|    |[36m\/[97m| [36m[[97m__  [36m|[97m___ |[36m___[97m |[36m_[97m/  [38;5;208mby [91m@r3dhax0r[97m
[36m|[97m_[36m__[97m |  | ___[36m|[97m |[36m___[97m [36m|[97m___ [36m|[97m \[36m_[97m [93mVersion 1.1.3[36m K-RONA

[107m[30m[1m[1m
 [+]  CMS Detection And Deep Scan  [+] [0m
[0m
[1m[36m[i] [0mScanning Site: https://yameveo.ai:443
[1m[32m[*] [0mCMS Detected, CMS ID: [1m[32mwp[0m, Detection method: [1m[36mheader[0m
[1m[32m[*] [0mStarting version detection
[1m[32m[*] [0m[1m[32mVersion Detected, WordPress Version 6.9.1[0m
[1m[32m
[36m [97m___ _  _ [36m__[97m__ ____ [36m____[97m _  [36m_[97m
|    |[36m\/[97m| [36m[[97m__  [36m|[97m___ |[36m___[97m |[36m_[97m/  [38;5;208mby [91m@r3dhax0r[97m
[36m|[97m_[36m__[97m |  | ___[36m|[97m |[36m___[97m [36m|[97m___ [36m|[97m \[36m_[97m [93mVersion 1.1.3[36m K-RONA

[107m[30m[1m[1m
 [+]  CMS Scan Results  [+] [0m
[0m
 ┏━Target: [1m[91myameveo.ai:443[0m
 ┃
 ┠── CMS: [1m[32mWordPress[0m
 ┃    │
 ┃    ├── Version: [1m[32m6.9.1[0m
 ┃    ╰── URL: [32mhttps://wordpress.org[0m
 ┃
 ┠── Result: [1m[32m/home/spabam/Dropbox/Public/VANTAGE/VAPT/WA-SCAN/infra_fuzzer/cms_scanner/tools/CMSeeK/Result/yameveo.ai_443/cms.json[0m
 ┃
 ┗━Scan Completed in [1m[36m0.44[0m Seconds, using [1m[36m1[0m Requests



[1m[91m CMSeeK says ~ Ja mata ne[0m
