/usr/lib/ruby/3.3.0/bundler/resolver.rb:354:in `raise_not_found!': Could not find gem 'cms_scanner (~> 0.13)' in locally installed gems. (Bundler::GemNotFound)
	from /usr/lib/ruby/3.3.0/bundler/resolver.rb:445:in `block in prepare_dependencies'
	from /usr/lib/ruby/3.3.0/bundler/resolver.rb:420:in `each'
	from /usr/lib/ruby/3.3.0/bundler/resolver.rb:420:in `map'
	from /usr/lib/ruby/3.3.0/bundler/resolver.rb:420:in `prepare_dependencies'
	from /usr/lib/ruby/3.3.0/bundler/resolver.rb:63:in `setup_solver'
	from /usr/lib/ruby/3.3.0/bundler/resolver.rb:28:in `start'
	from /usr/lib/ruby/3.3.0/bundler/definition.rb:633:in `start_resolution'
	from /usr/lib/ruby/3.3.0/bundler/definition.rb:306:in `resolve'
	from /usr/lib/ruby/3.3.0/bundler/definition.rb:582:in `materialize'
	from /usr/lib/ruby/3.3.0/bundler/definition.rb:193:in `specs'
	from /usr/lib/ruby/3.3.0/bundler/definition.rb:260:in `specs_for'
	from /usr/lib/ruby/3.3.0/bundler/runtime.rb:18:in `setup'
	from /usr/lib/ruby/3.3.0/bundler.rb:164:in `setup'
	from /usr/lib/ruby/3.3.0/bundler/setup.rb:32:in `block in <top (required)>'
	from /usr/lib/ruby/3.3.0/bundler/ui/shell.rb:173:in `with_level'
	from /usr/lib/ruby/3.3.0/bundler/ui/shell.rb:119:in `silence'
	from /usr/lib/ruby/3.3.0/bundler/setup.rb:32:in `<top (required)>'
	from <internal:/usr/lib/ruby/vendor_ruby/rubygems/core_ext/kernel_require.rb>:136:in `require'
	from <internal:/usr/lib/ruby/vendor_ruby/rubygems/core_ext/kernel_require.rb>:136:in `require'
	from fingerprinter.rb:5:in `<main>'
