       ,-~~-.___.       __        __ ____   _____
      / |  x     \      \ \      / /|  _ \ |  ___|___   _ __  ___  ___
     (  )        0       \ \ /\ / / | |_) || |_  / _ \ | '__|/ __|/ _ \.
      \_/-, ,----'  ____  \ V  V /  |  __/ |  _|| (_) || |  | (__|  __/
         ====      ||   \_ \_/\_/   |_|    |_|   \___/ |_|   \___|\___|
        /  \-'~;   ||     |                v.1.0.0
       /  __/~| ...||__/|-"   Brute Force Attack Tool for Wordpress
     =(  _____||________|                 ~n00py~
    
Username List: /tmp/tmp.lKm6YEYCjF/wpforce_users.txt (2)
Password List: /tmp/tmp.lKm6YEYCjF/wpforce_passwords.txt (4)
URL: https://yameveo.ai:443
Trying: https://yameveo.ai:443/xmlrpc.php
Traceback (most recent call last):
  File "/home/spabam/.venv/cms_scanner/wpforce/wpforce.py", line 229, in <module>
    main()
    ~~~~^^
  File "/home/spabam/.venv/cms_scanner/wpforce/wpforce.py", line 216, in main
    list_array = slice_list(passlist, args.threads)
  File "/home/spabam/.venv/cms_scanner/wpforce/wpforce.py", line 49, in slice_list
    for j in range(slice_size):
             ~~~~~^^^^^^^^^^^^
TypeError: 'float' object cannot be interpreted as an integer
