
Passively Fingerprinting -: |
Path not in the DB for https://yameveo.ai/
Passively Fingerprinting -: |
Path not in the DB for https://yameveo.ai/wp-json/oembed/1.0/embed?url=https%3A%2F%2Fyameveo.ai%2F
Passively Fingerprinting -: |=
Path not in the DB for https://yameveo.ai/wp-json/oembed/1.0/embed?url=https%3A%2F%2Fyameveo.ai%2F&format=xml
Passively Fingerprinting -: |==
Path not in the DB for https://yameveo.ai/wp-content/themes/yameveo-sentinel-classic/fonts/fonts.css?ver=1.0.0
Passively Fingerprinting -: |====
Path not in the DB for https://yameveo.ai/wp-content/themes/yameveo-sentinel-classic/style.css?ver=1.0.0
Passively Fingerprinting -: |=====
Path not in the DB for https://yameveo.ai/wp-json/
Passively Fingerprinting -: |=======
Path not in the DB for https://yameveo.ai/wp-json/wp/v2/pages/122
Passively Fingerprinting -: |========
Path not in the DB for https://yameveo.ai/xmlrpc.php?rsd
Passively Fingerprinting -: |==========
Path not in the DB for https://yameveo.ai/wp-content/uploads/2026/02/favicon-512-150x150.png
Passively Fingerprinting -: |===========
Path not in the DB for https://yameveo.ai/wp-content/uploads/2026/02/favicon-512.png
Passively Fingerprinting -: |============
Path not in the DB for https://yameveo.ai/wp-content/uploads/2026/02/yameveo-logo-horizontal.png
Passively Fingerprinting -: |==============
Path not in the DB for https://yameveo.ai/about/
Passively Fingerprinting -: |===============
Path not in the DB for https://yameveo.ai/services/
Passively Fingerprinting -: |=================
Path not in the DB for https://yameveo.ai/projects/
Passively Fingerprinting -: |==================
Path not in the DB for https://yameveo.ai/blog/
Passively Fingerprinting -: |====================
Path not in the DB for https://yameveo.ai/contact/
Passively Fingerprinting -: |=====================
Path not in the DB for https://yameveo.ai/projects
Passively Fingerprinting -: |======================
Path not in the DB for https://yameveo.ai/wp-content/themes/yameveo-sentinel-classic/images/about-logo.png
Passively Fingerprinting -: |========================
Path not in the DB for https://yameveo.ai/wp-content/uploads/2026/02/team-1-2-300x281.png
Passively Fingerprinting -: |=========================
Path not in the DB for https://yameveo.ai/wp-content/uploads/2026/02/team-2-281x300.png
Passively Fingerprinting -: |===========================
Path not in the DB for https://yameveo.ai/wp-content/uploads/2026/02/team-3-2-300x300.jpg
Passively Fingerprinting -: |==============================
Path not in the DB for https://yameveo.ai/cdn-cgi/l/email-protection#ddb5b8b1b1b29da4bcb0b8abb8b2f3bcb4
Passively Fingerprinting -: |==============================
Path not in the DB for https://yameveo.ai/service/ai-solutions/
Passively Fingerprinting -: |===============================
Path not in the DB for https://yameveo.ai/service/cybersecurity/
Passively Fingerprinting -: |================================
Path not in the DB for https://yameveo.ai/service/software-development/
Passively Fingerprinting -: |==================================
Path not in the DB for https://yameveo.ai/service/blockchain/
Passively Fingerprinting -: |===================================
Path not in the DB for https://yameveo.ai/service/ciam/
Passively Fingerprinting -: |=====================================
Path not in the DB for https://yameveo.ai/service/ecommerce/
Passively Fingerprinting -: |======================================
Path not in the DB for https://yameveo.ai/privacy-policy/
Passively Fingerprinting -: |========================================
Path not in the DB for https://yameveo.ai/privacy-policy-yameveo-sl/
Passively Fingerprinting -: |=========================================
Path not in the DB for https://yameveo.ai/privacy-policy-yameveo-eood/
Passively Fingerprinting -: |==========================================
Path not in the DB for https://yameveo.ai/legal-notice/
Passively Fingerprinting -: |============================================
Path not in the DB for https://yameveo.ai/gender-equality-plan/
Passively Fingerprinting -: |=============================================
Path not in the DB for https://yameveo.ai/cdn-cgi/scripts/5c5dd728/cloudflare-static/email-decode.min.js
Passively Fingerprinting -: |===============================================
Path not in the DB for https://yameveo.ai/wp-content/themes/yameveo-sentinel-classic/js/main.js?ver=1.0.0
Passively Fingerprinting -: |==================================================|

No match found
