/home/spabam/.venv/cms_scanner/cmsmap/lib/python3.13/site-packages/cmsmap/lib/genericchecks.py:40: SyntaxWarning: invalid escape sequence '\.'
  re.compile('(.+?)/[A-Za-z0-9]+\.txt|php'), self.url)[0]
[-] Date & Time: 04/03/2026 16:13:52
[I] Threads: 5
[-] Target: https://yameveo.ai:443 (172.67.151.13)
[I] Server: cloudflare
[L] X-Frame-Options: Not Enforced
[I] Strict-Transport-Security: Not Enforced
[I] X-Content-Security-Policy: Not Enforced
[L] Robots.txt Found: https://yameveo.ai:443/robots.txt
[I] CMS Detection: WordPress
[I] Wordpress Version: 6.9.1
[I] Wordpress Theme: yameveo-sentinel-classic
[-] WordPress usernames identified: 
[M] ]
[M] yameveo_admin
[M] XML-RPC services are enabled
[M] Website vulnerable to XML-RPC Brute Force Vulnerability
[I] Autocomplete Off Not Found: https://yameveo.ai:443/wp-login.php
[-] Default WordPress Files:
[-] Searching Wordpress Plugins ...
[I] *","
[I] Checking for Directory Listing Enabled ...
[-] Date & Time: 04/03/2026 16:14:20
[-] Completed in: 0:00:28
