
Scan Aborted: Permission denied @ rb_sysopen - /tmp/wpscan/cache/0ad0eb81245ae1b566cfefb153b33861/3789825791
Trace: /home/spabam/.local/share/gem/ruby/3.3.0/gems/cms_scanner-0.15.0/lib/cms_scanner/cache/file_store.rb:47:in `write'
/home/spabam/.local/share/gem/ruby/3.3.0/gems/cms_scanner-0.15.0/lib/cms_scanner/cache/file_store.rb:47:in `write_entry'
/home/spabam/.local/share/gem/ruby/3.3.0/gems/cms_scanner-0.15.0/lib/cms_scanner/cache/typhoeus.rb:21:in `set'
/home/spabam/.local/share/gem/ruby/3.3.0/gems/typhoeus-1.4.1/lib/typhoeus/request/cacheable.rb:5:in `response='
/home/spabam/.local/share/gem/ruby/3.3.0/gems/typhoeus-1.4.1/lib/typhoeus/request/operations.rb:32:in `finish'
/home/spabam/.local/share/gem/ruby/3.3.0/gems/typhoeus-1.4.1/lib/typhoeus/easy_factory.rb:170:in `block in set_callback'
/home/spabam/.local/share/gem/ruby/3.3.0/gems/ethon-0.16.0/lib/ethon/easy/response_callbacks.rb:74:in `block in complete'
/home/spabam/.local/share/gem/ruby/3.3.0/gems/ethon-0.16.0/lib/ethon/easy/response_callbacks.rb:74:in `each'
/home/spabam/.local/share/gem/ruby/3.3.0/gems/ethon-0.16.0/lib/ethon/easy/response_callbacks.rb:74:in `complete'
/home/spabam/.local/share/gem/ruby/3.3.0/gems/ethon-0.16.0/lib/ethon/easy/operations.rb:34:in `perform'
/home/spabam/.local/share/gem/ruby/3.3.0/gems/typhoeus-1.4.1/lib/typhoeus/request/operations.rb:16:in `run'
/home/spabam/.local/share/gem/ruby/3.3.0/gems/typhoeus-1.4.1/lib/typhoeus/request/cacheable.rb:18:in `run'
/home/spabam/.local/share/gem/ruby/3.3.0/gems/typhoeus-1.4.1/lib/typhoeus/request/block_connection.rb:31:in `run'
/home/spabam/.local/share/gem/ruby/3.3.0/gems/typhoeus-1.4.1/lib/typhoeus/request/stubbable.rb:25:in `run'
/home/spabam/.local/share/gem/ruby/3.3.0/gems/typhoeus-1.4.1/lib/typhoeus/request/before.rb:26:in `run'
/home/spabam/.local/share/gem/ruby/3.3.0/gems/cms_scanner-0.15.0/lib/cms_scanner/browser/actions.rb:20:in `get'
/home/spabam/.local/share/gem/ruby/3.3.0/gems/cms_scanner-0.15.0/app/controllers/core.rb:38:in `check_target_availability'
/home/spabam/.local/share/gem/ruby/3.3.0/gems/wpscan-3.8.28/app/controllers/core.rb:59:in `before_scan'
/home/spabam/.local/share/gem/ruby/3.3.0/gems/cms_scanner-0.15.0/lib/cms_scanner/controllers.rb:46:in `each'
/home/spabam/.local/share/gem/ruby/3.3.0/gems/cms_scanner-0.15.0/lib/cms_scanner/controllers.rb:46:in `block in run'
/usr/lib/ruby/3.3.0/timeout.rb:170:in `timeout'
/home/spabam/.local/share/gem/ruby/3.3.0/gems/cms_scanner-0.15.0/lib/cms_scanner/controllers.rb:45:in `run'
/home/spabam/.local/share/gem/ruby/3.3.0/gems/cms_scanner-0.15.0/lib/cms_scanner/scan.rb:24:in `run'
/home/spabam/.local/share/gem/ruby/3.3.0/gems/wpscan-3.8.28/bin/wpscan:17:in `block in <top (required)>'
/home/spabam/.local/share/gem/ruby/3.3.0/gems/cms_scanner-0.15.0/lib/cms_scanner/scan.rb:15:in `initialize'
/home/spabam/.local/share/gem/ruby/3.3.0/gems/wpscan-3.8.28/bin/wpscan:6:in `new'
/home/spabam/.local/share/gem/ruby/3.3.0/gems/wpscan-3.8.28/bin/wpscan:6:in `<top (required)>'
/home/spabam/.local/share/gem/ruby/3.3.0/bin/wpscan:25:in `load'
/home/spabam/.local/share/gem/ruby/3.3.0/bin/wpscan:25:in `<main>'
