----------------------------------------
 _ _ _ ___ ___ ___| |_ _ _ 
| | | | . |_ -| -_| '_| | |
|_____|  _|___|___|_,_|___|
      |_|             v0.4.0

WPSeku - Wordpress Security Scanner
by Momo Outaadi (m4ll0k)
----------------------------------------

[1;32m[ + ][0m [0;32mTarget: https://yameveo.ai:443[0m
[1;32m[ + ][0m [0;32mStarting: 16:31:04[0m
[1;37m[0m
[1;32m[ + ][0m [0;32mServer: cloudflare[0m
[1;32m[ + ][0m [0;32mUncommon header "Nel" found, with contents: {"report_to":"cf-nel","success_fraction":0.0,"max_age":604800}[0m
[1;32m[ + ][0m [0;32mUncommon header "Referrer-Policy" found, with contents: strict-origin-when-cross-origin[0m
[1;32m[ + ][0m [0;32mUncommon header "Report-To" found, with contents: {"group":"cf-nel","max_age":604800,"endpoints":[{"url":"https://a.nel.cloudflare.com/report/v4?s=AIIne%2FV%2FBxNSrSGcFuMBG%2BBuWzHcHiWZ7b9H1MPdYBTnTUbGG2yFOXZapA%2B0UUB7MN2ZwoB6IJVzWP2Vb71Nr3WCd6A%2FopiM5KnSQ886Pp1BXcaNeL4%3D"}]}[0m
[1;32m[ + ][0m [0;32mUncommon header "cf-cache-status" found, with contents: DYNAMIC[0m
[1;32m[ + ][0m [0;32mUncommon header "vary" found, with contents: accept-encoding[0m
[1;32m[ + ][0m [0;32mUncommon header "CF-RAY" found, with contents: 9d71ed06de9b3772-CDG[0m
[1;32m[ + ][0m [0;32mUncommon header "alt-svc" found, with contents: h3=":443"; ma=86400[0m
[1;31m[ ! ][0m [0;31mFailed to establish a new connection[0m
