[1;0;34m
                                                      
                    .:.        .:,                    
                   xM;           XK.                  
                  dx'            .lO.                 
                 do                ,0.                
             .c.lN'      ,  '.     .k0.:'             
              xMMk;d;''cOM0kWXl,',locMMX.             
              .NMK.   :WMMMMMMMx    dMMc              
               lMMO  lWMMMMMMMMMO. lMMO               
                cWMxxMMMMMMMMMMMMKlWMk                
                 .xWMMMMMMMMMMMMMMM0,[1;1;94m                 
                   .,OMd,,,;0MMMO,.                   
             .l0O.[1;97mVXVX[1;1;94mOX.[1;97mVXVX[1;1;94m0MO[1;97mVXVX[1;1;94m.0Kd,             
            lWMMO0[1;97mVXVX0[1;1;94mOX.[1;97mVXVX[1;1;94ml[1;97mVXVX[1;1;94m.VXNMMO            
           .MMX;.N0[1;97mVXVX0[1;1;94m0X.[1;97mVXVXVX0[1;1;94m.0M:.OMMl           
          .OXc  ,MMO[1;97mVXVX0[1;1;94mVX[1;97m .VXVX0[1;1;94m0MMo  ,0X'          
          0x.  :XMMMk[1;97mVXVX.[1;1;94mXO.[1;97mVXVX[1;1;94mdMMMWo.  :X'         
         .d  'NMMMMMMk[1;97mVXVX[1;1;94m..[1;97mVXVX0[1;1;94m.XMMMMWl  ;c         
            'NNoMMMMMMx[1;97mVXVXVXVXVX0.[1;1;94mXMMk0Mc            
           .NMx OMMMMMMd[1;97mVXVXVX[1;1;94ml[1;97mVXVX[1;1;94m.NW.;MMc           
          :NMMd .NMMMMMMd[1;97mVXVX[1;1;94mdMd,,,,oc ;MMWx          
          .0MN,  'XMMMMMMo[1;97mVX[1;1;94moMMMMMMWl   0MW,          
           .0.    .xWMMMMM:lMMMMMM0,     kc           
            ,O.     .:dOKXXXNKOxc.      do            
             '0c        -VulnX-       ,Ol             
               ;.                     :.   

    [1;97m# Coded By Anouar Ben Saad -[1;93m @anouarbensaad      
                                           [1;0m

 [1;94m[[1;97mTarget[1;94m][1;97m => https://yameveo.ai:443[1;0m 
 
[1;97m −−−−−−−−−−−−−−−−−−−−−−−−−−−−−−−−−−−−−−−−−−−−
 [1;93m[~][1;97m looking for cms
 [1;92m[+][1;97m CMS : Wordpress
[1;97m −−−−−−−−−−−−−−−−−−−−−−−−−−−−−−−−−−−−−−−−−−−−
 [1;93m[~][1;97m Web Hosting Information
 [1;91m[-][1;97m Cannot Find OS & HostingServer 
[1;97m −−−−−−−−−−−−−−−−−−−−−−−−−−−−−−−−−−−−−−−−−−−−
 [1;93m[~][1;97m CMS Information Gathering
 [1;92m[+][1;97m User : yameveo_admin
 [1;92m[+][1;97m Version : 6.9.1
[1;97m −−−−−−−−−−−−−−−−−−−−−−−−−−−−−−−−−−−−−−−−−−−−

 [1;93m[[1;97m Elapsed Time [1;93m][1;97m => 3.61 seconds 
